[2026-06-25T22:50:30.571Z] == INICIANDO ABERTURA TICK: Tecnico 59841 ==
[2026-06-25T22:50:32.250Z] Criado Ticket: {"type":"success","message":"Registro inserido com sucesso!","id":"775505","atualiza_campos":[{"tipo":"i","campo":"id_cliente","valor":"681"},{"tipo":"i","campo":"status","valor":"T"},{"tipo":"s","campo":"su_status","valor":"EP"},{"tipo":"i","campo":"protocolo","valor":""},{"tipo":"i","campo":"token","valor":"51333ba41c06413effedd19f03f9509f7b80025e"},{"tipo":"i","campo":"id_filial","valor":"1"},{"tipo":"i","campo":"interacao_pendente","valor":"I"},{"tipo":"i","campo":"id_evento_status_processo","valor":""},{"tipo":"i","campo":"ultima_atualizacao","valor":"2026-06-25 19:50:34"}]}
[2026-06-25T22:50:35.342Z] buscando ticket 775505...
[2026-06-25T22:50:35.544Z] Buscando OS vinculada ao ticket 775505 [TENTATIVA 1]
[2026-06-25T22:50:35.949Z] ENCONTROU OS! ID: 1814349. Protocolo OS: 202606147771
[2026-06-25T22:50:35.957Z] Atualizando OS 1814349 para o técnico 59841
[2026-06-25T22:50:36.186Z] Técnico 59841 agendado com sucesso na OS 1814349. Resposta: {"type":"success","message":"Registro atualizado com sucesso!","id":"1814349","atualiza_campos":[{"tipo":"i","campo":"ultima_atualizacao","valor":"2026-06-25 19:50:38"}]}
[2026-06-25T22:50:36.197Z] FIM. Retornando protocolo 202606147771
[2026-06-25T23:06:40.860Z] == INICIANDO ABERTURA TICK: Tecnico 59570 ==
[2026-06-25T23:06:41.735Z] Criado Ticket: {"type":"success","message":"Registro inserido com sucesso!","id":"775506","atualiza_campos":[{"tipo":"i","campo":"id_cliente","valor":"681"},{"tipo":"i","campo":"status","valor":"T"},{"tipo":"s","campo":"su_status","valor":"EP"},{"tipo":"i","campo":"protocolo","valor":""},{"tipo":"i","campo":"token","valor":"f62a6921a332e79811c5348799bcb50bf5abb7c7"},{"tipo":"i","campo":"id_filial","valor":"1"},{"tipo":"i","campo":"interacao_pendente","valor":"I"},{"tipo":"i","campo":"id_evento_status_processo","valor":""},{"tipo":"i","campo":"ultima_atualizacao","valor":"2026-06-25 20:06:43"}]}
[2026-06-25T23:06:44.755Z] buscando ticket 775506...
[2026-06-25T23:06:44.959Z] Buscando OS vinculada ao ticket 775506 [TENTATIVA 1]
[2026-06-25T23:06:45.277Z] ENCONTROU OS! ID: 1814350. Protocolo OS: 202606147774
[2026-06-25T23:06:45.281Z] Atualizando OS 1814350 para o técnico 59570
[2026-06-25T23:06:45.289Z] Payload PUT /su_oss_chamado/1814350: {"id_filial":"1","id_assunto":"1154","id_ticket_setor":"54","prioridade":"N","origem_endereco":"CC","id_tecnico":"59570","data_agenda":"2026-06-25 20:06:00","data_agenda_final":"2026-06-25 23:59:59","status":"AG","mensagem_resposta":"Agendado automaticamente via Intranet"}
[2026-06-25T23:06:45.484Z] Resposta raw PUT /su_oss_chamado/1814350: {"type":"error","message":"Preencha Setor","atualiza_campos":[{"tipo":"i","campo":"ultima_atualizacao","valor":""}]}
[2026-06-25T23:06:45.489Z] Erro interno do IXC ao atualizar OS 1814350: {"type":"error","message":"Preencha Setor","atualiza_campos":[{"tipo":"i","campo":"ultima_atualizacao","valor":""}]}
[2026-06-25T23:06:45.499Z] FIM. Retornando protocolo 202606147774
[2026-06-25T23:06:53.465Z] == INICIANDO ABERTURA TICK: Tecnico 59841 ==
[2026-06-25T23:06:54.014Z] Criado Ticket: {"type":"success","message":"Registro inserido com sucesso!","id":"775507","atualiza_campos":[{"tipo":"i","campo":"id_cliente","valor":"681"},{"tipo":"i","campo":"status","valor":"T"},{"tipo":"s","campo":"su_status","valor":"EP"},{"tipo":"i","campo":"protocolo","valor":""},{"tipo":"i","campo":"token","valor":"8290ebeb553a7302ca0f4293012f88658e3c2b7a"},{"tipo":"i","campo":"id_filial","valor":"1"},{"tipo":"i","campo":"interacao_pendente","valor":"I"},{"tipo":"i","campo":"id_evento_status_processo","valor":""},{"tipo":"i","campo":"ultima_atualizacao","valor":"2026-06-25 20:06:55"}]}
[2026-06-25T23:06:57.034Z] buscando ticket 775507...
[2026-06-25T23:06:57.193Z] Buscando OS vinculada ao ticket 775507 [TENTATIVA 1]
[2026-06-25T23:06:57.536Z] ENCONTROU OS! ID: 1814351. Protocolo OS: 202606147775
[2026-06-25T23:06:57.538Z] Atualizando OS 1814351 para o técnico 59841
[2026-06-25T23:06:57.542Z] Payload PUT /su_oss_chamado/1814351: {"id_filial":"1","id_assunto":"1154","id_ticket_setor":"54","prioridade":"N","origem_endereco":"CC","id_tecnico":"59841","data_agenda":"2026-06-25 20:06:00","data_agenda_final":"2026-06-25 23:59:59","status":"AG","mensagem_resposta":"Agendado automaticamente via Intranet"}
[2026-06-25T23:06:57.718Z] Resposta raw PUT /su_oss_chamado/1814351: {"type":"error","message":"Preencha Setor","atualiza_campos":[{"tipo":"i","campo":"ultima_atualizacao","valor":""}]}
[2026-06-25T23:06:57.719Z] Erro interno do IXC ao atualizar OS 1814351: {"type":"error","message":"Preencha Setor","atualiza_campos":[{"tipo":"i","campo":"ultima_atualizacao","valor":""}]}
[2026-06-25T23:06:57.723Z] FIM. Retornando protocolo 202606147775
[2026-06-25T23:12:36.998Z] == INICIANDO ABERTURA TICK: Tecnico 59841 ==
[2026-06-25T23:12:37.752Z] Criado Ticket: {"type":"success","message":"Registro inserido com sucesso!","id":"775509","atualiza_campos":[{"tipo":"i","campo":"id_cliente","valor":"681"},{"tipo":"i","campo":"status","valor":"T"},{"tipo":"s","campo":"su_status","valor":"EP"},{"tipo":"i","campo":"protocolo","valor":""},{"tipo":"i","campo":"token","valor":"8f3337f45d4e7a8fc75c252cd0f93d9a5b4a150f"},{"tipo":"i","campo":"id_filial","valor":"1"},{"tipo":"i","campo":"interacao_pendente","valor":"I"},{"tipo":"i","campo":"id_evento_status_processo","valor":""},{"tipo":"i","campo":"ultima_atualizacao","valor":"2026-06-25 20:12:39"}]}
[2026-06-25T23:12:40.767Z] buscando ticket 775509...
[2026-06-25T23:12:41.056Z] Buscando OS vinculada ao ticket 775509 [TENTATIVA 1]
[2026-06-25T23:12:42.071Z] ENCONTROU OS! ID: 1814356. Protocolo OS: 202606147780
[2026-06-25T23:12:42.073Z] Atualizando OS 1814356 para o técnico 59841
[2026-06-25T23:12:42.076Z] Payload PUT /su_oss_chamado/1814356: {"id_filial":"1","id_assunto":"1154","setor":"54","prioridade":"N","origem_endereco":"CC","id_tecnico":"59841","data_agenda":"2026-06-25 20:12:00","data_agenda_final":"2026-06-25 23:59:59","status":"AG","mensagem_resposta":"Agendado automaticamente via Intranet"}
[2026-06-25T23:12:42.915Z] Resposta raw PUT /su_oss_chamado/1814356: {"type":"error","message":"Cliente \u00e9 um campo obrigat\u00f3rio!","atualiza_campos":[{"tipo":"i","campo":"ultima_atualizacao","valor":"2026-06-25 20:12:44"}]}
[2026-06-25T23:12:42.922Z] Erro interno do IXC ao atualizar OS 1814356: {"type":"error","message":"Cliente é um campo obrigatório!","atualiza_campos":[{"tipo":"i","campo":"ultima_atualizacao","valor":"2026-06-25 20:12:44"}]}
[2026-06-25T23:12:42.926Z] FIM. Retornando protocolo 202606147780
[2026-06-25T23:18:27.482Z] == INICIANDO ABERTURA TICK: Tecnico 59841 ==
[2026-06-25T23:18:28.067Z] Criado Ticket: {"type":"success","message":"Registro inserido com sucesso!","id":"775510","atualiza_campos":[{"tipo":"i","campo":"id_cliente","valor":"681"},{"tipo":"i","campo":"status","valor":"T"},{"tipo":"s","campo":"su_status","valor":"EP"},{"tipo":"i","campo":"protocolo","valor":""},{"tipo":"i","campo":"token","valor":"bf1d578e6e469332841fa3cb57706b709a3612df"},{"tipo":"i","campo":"id_filial","valor":"1"},{"tipo":"i","campo":"interacao_pendente","valor":"I"},{"tipo":"i","campo":"id_evento_status_processo","valor":""},{"tipo":"i","campo":"ultima_atualizacao","valor":"2026-06-25 20:18:29"}]}
[2026-06-25T23:18:31.155Z] buscando ticket 775510...
[2026-06-25T23:18:31.340Z] Buscando OS vinculada ao ticket 775510 [TENTATIVA 1]
[2026-06-25T23:18:31.675Z] ENCONTROU OS! ID: 1814357. Protocolo OS: 202606147783
[2026-06-25T23:18:31.678Z] Atualizando OS 1814357 para o técnico 59841
[2026-06-25T23:18:31.682Z] Payload PUT /su_oss_chamado/1814357: {"mensagem_resposta":"Agendado automaticamente via Intranet","data_hora_analise":"","data_hora_encaminhado":"","data_hora_assumido":"","data_hora_execucao":"","id_contrato_kit":"18426","preview":"","data_agenda_final":"2026-06-25 23:59:59","status_assinatura":"A","habilita_assinatura_cliente":"N","status_pesquisa_satisfacao":"0","id_receber":"","id":"1814357","tipo":"C","id_filial":"1","id_wfl_tarefa":"1900","status_sla":"","data_abertura":"2026-06-25 20:18:29","melhor_horario_agenda":"Q","liberado":"1","status":"AG","id_cliente":"681","id_assunto":"1154","setor":"54","id_cidade":"1721","id_tecnico":"59841","prioridade":"N","origem_os_aberta":"P","mensagem":"Processo: CHAMADO SUPORTE DE T.I (Dev). Tarefa: SOLICITAR ATENDIMENTO AO SETOR DE T.I. \nDescrição OS anterior: Disparando do processo ID: 237\n Mensagem do cliente: Solicitante: MARCIO EDUARDO FELIX\n\n========================\nDESCREVA A SITUAÇÃO:\nMarcio Felix\n========================","protocolo":"202606147783","endereco":"AL Penedo 57200-000 SENHOR DO BONFIM - RODOVIA MARIO FREIRE LEAHY, 1650","complemento":"SENHOR DO BONFIM","id_condominio":"0","latitude":"-10.1776969","bloco":"","longitude":"-36.5897154","apartamento":"","bairro":"SENHOR DO BONFIM","referencia":"PRESTEK TELECOM","impresso":"N","data_inicio":"","data_agenda":"2026-06-25 20:18:00","data_final":"","data_fechamento":"","id_wfl_param_os":"1113","valor_outras_despesas":"","valor_total_comissao":"0.00","valor_total":"","gera_comissao":"S","idx":"","valor_unit_comissao":"0.00","id_su_diagnostico":"","id_estrutura":"","id_login":"1","data_prazo_limite":"","data_reservada":"0000-00-00","id_ticket":"775510","origem_endereco":"CC","justificativa_sla_atrasado":"","origem_endereco_estrutura":"E","data_reagendar":"","data_prev_final":"","origem_cadastro":"P","ultima_atualizacao":"2026-06-25 20:18:29"}
[2026-06-25T23:18:31.887Z] Resposta raw PUT /su_oss_chamado/1814357: {"type":"success","message":"Registro atualizado com sucesso!","id":"1814357","atualiza_campos":[{"tipo":"i","campo":"ultima_atualizacao","valor":"2026-06-25 20:18:33"}]}
[2026-06-25T23:18:31.889Z] Técnico 59841 agendado com sucesso na OS 1814357. Resposta: {"type":"success","message":"Registro atualizado com sucesso!","id":"1814357","atualiza_campos":[{"tipo":"i","campo":"ultima_atualizacao","valor":"2026-06-25 20:18:33"}]}
[2026-06-25T23:18:31.891Z] FIM. Retornando protocolo 202606147783
[2026-06-28T18:49:58.688Z] == INICIANDO ABERTURA TICK: Tecnico 59841 ==
[2026-06-28T18:50:01.664Z] == INICIANDO ABERTURA TICK: Tecnico 59841 ==
[2026-06-28T18:50:02.445Z] Criado Ticket: {"type":"success","message":"Registro inserido com sucesso!","id":"776615","atualiza_campos":[{"tipo":"i","campo":"id_cliente","valor":"681"},{"tipo":"i","campo":"status","valor":"T"},{"tipo":"s","campo":"su_status","valor":"EP"},{"tipo":"i","campo":"protocolo","valor":""},{"tipo":"i","campo":"token","valor":"c094697537b09631be013babd0630ea935791d4c"},{"tipo":"i","campo":"id_filial","valor":"1"},{"tipo":"i","campo":"interacao_pendente","valor":"I"},{"tipo":"i","campo":"id_evento_status_processo","valor":""},{"tipo":"i","campo":"ultima_atualizacao","valor":"2026-06-28 15:50:02"}]}
[2026-06-28T18:50:05.483Z] buscando ticket 776615...
[2026-06-28T18:50:05.778Z] Buscando OS vinculada ao ticket 776615 [TENTATIVA 1]
[2026-06-28T18:50:06.157Z] ENCONTROU OS! ID: 1816508. Protocolo OS: 202606150678
[2026-06-28T18:50:06.163Z] Agendando OS 1816508 para o técnico 59841
[2026-06-28T18:50:06.175Z] Payload POST /su_oss_chamado_mensagem: {"id_chamado":"1816508","status":"AG","id_evento":"5","mensagem":"Agendado automaticamente via Intranet","id_tecnico":"59841","data_inicio":"2026-06-28 15:50:00","data_final":"2026-06-28 23:59:59","id_equipe":"0","finaliza_processo":"N"}
[2026-06-28T18:50:06.379Z] Resposta raw POST /su_oss_chamado_mensagem: {"type":"error","message":"Para agendar a Ordem de Servi\u00e7o utilize o bot\u00e3o respectivo [Agendar].","atualiza_campos":[{"tipo":"s","campo":"tipo_cobranca","valor":""}]}
[2026-06-28T18:50:06.388Z] Erro do IXC ao agendar OS 1816508: {"type":"error","message":"Para agendar a Ordem de Serviço utilize o botão respectivo [Agendar].","atualiza_campos":[{"tipo":"s","campo":"tipo_cobranca","valor":""}]}
[2026-06-28T18:50:06.393Z] IMPORTANTE: o usuário/token da API não tem permissão para agendar OS via webservice. Verifique permissões no IXC.
[2026-06-28T18:50:06.398Z] FIM. Retornando protocolo 202606150678
[2026-06-28T22:24:19.909Z] == INICIANDO ABERTURA TICK: Tecnico 59570 ==
[2026-06-28T22:24:21.264Z] == INICIANDO ABERTURA TICK: Tecnico 59570 ==
[2026-06-28T22:24:21.968Z] Criado Ticket: {"type":"success","message":"Registro inserido com sucesso!","id":"776623","atualiza_campos":[{"tipo":"i","campo":"id_cliente","valor":"681"},{"tipo":"i","campo":"status","valor":"T"},{"tipo":"s","campo":"su_status","valor":"EP"},{"tipo":"i","campo":"protocolo","valor":""},{"tipo":"i","campo":"token","valor":"0508d126f2d54c7e500209d33d0122b926574a5b"},{"tipo":"i","campo":"id_filial","valor":"1"},{"tipo":"i","campo":"interacao_pendente","valor":"I"},{"tipo":"i","campo":"id_evento_status_processo","valor":""},{"tipo":"i","campo":"ultima_atualizacao","valor":"2026-06-28 19:24:22"}]}
[2026-06-28T22:24:24.988Z] buscando ticket 776623...
[2026-06-28T22:24:25.145Z] Buscando OS vinculada ao ticket 776623 [TENTATIVA 1]
[2026-06-28T22:24:25.455Z] ENCONTROU OS! ID: 1816523. Protocolo OS: 202606150706
[2026-06-28T22:24:25.469Z] [PASSO A] Atualizando registro da OS 1816523 com id_tecnico=59570
[2026-06-28T22:24:25.470Z] Payload PUT /su_oss_chamado/1816523: {"mensagem_resposta":"","data_hora_analise":"","data_hora_encaminhado":"","data_hora_assumido":"","data_hora_execucao":"","id_contrato_kit":"18426","preview":"","data_agenda_final":"","status_assinatura":"A","habilita_assinatura_cliente":"N","status_pesquisa_satisfacao":"0","id_receber":"","id":"1816523","tipo":"C","id_filial":"1","id_wfl_tarefa":"1900","status_sla":"","data_abertura":"2026-06-28 19:24:22","melhor_horario_agenda":"Q","liberado":"1","status":"A","id_cliente":"681","id_assunto":"1154","setor":"54","id_cidade":"1721","id_tecnico":"59570","prioridade":"N","origem_os_aberta":"P","mensagem":"Processo: CHAMADO SUPORTE DE T.I (Dev). Tarefa: SOLICITAR ATENDIMENTO AO SETOR DE T.I. \nDescrição OS anterior: Disparando do processo ID: 237\n Mensagem do cliente: Solicitante: MARCIO EDUARDO FELIX\n\n========================\nDESCREVA A SITUAÇÃO:\nTGeste\n========================","protocolo":"202606150706","endereco":"AL Penedo 57200-000 SENHOR DO BONFIM - RODOVIA MARIO FREIRE LEAHY, 1650","complemento":"SENHOR DO BONFIM","id_condominio":"0","latitude":"-10.1776969","bloco":"","longitude":"-36.5897154","apartamento":"","bairro":"SENHOR DO BONFIM","referencia":"PRESTEK TELECOM","impresso":"N","data_inicio":"","data_agenda":"","data_final":"","data_fechamento":"","id_wfl_param_os":"1113","valor_outras_despesas":"","valor_total_comissao":"0.00","valor_total":"","gera_comissao":"S","idx":"","valor_unit_comissao":"0.00","id_su_diagnostico":"","id_estrutura":"","id_login":"1","data_prazo_limite":"","data_reservada":"0000-00-00","id_ticket":"776623","origem_endereco":"CC","justificativa_sla_atrasado":"","origem_endereco_estrutura":"E","data_reagendar":"","data_prev_final":"","origem_cadastro":"P","ultima_atualizacao":"2026-06-28 19:24:22"}
[2026-06-28T22:24:25.677Z] Resposta raw PUT /su_oss_chamado/1816523: {"type":"success","message":"Registro atualizado com sucesso!","id":"1816523","atualiza_campos":[{"tipo":"i","campo":"ultima_atualizacao","valor":"2026-06-28 19:24:26"}]}
[2026-06-28T22:24:25.679Z] [PASSO A] OS 1816523 atualizada com sucesso. id_tecnico=59570. Resposta: {"type":"success","message":"Registro atualizado com sucesso!","id":"1816523","atualiza_campos":[{"tipo":"i","campo":"ultima_atualizacao","valor":"2026-06-28 19:24:26"}]}
[2026-06-28T22:24:25.681Z] [PASSO B] Agendando OS 1816523 para o técnico 59570
[2026-06-28T22:24:25.682Z] Payload POST /su_oss_chamado_mensagem: {"id_chamado":"1816523","status":"AG","id_evento":"5","mensagem":"Agendado automaticamente via Intranet","id_tecnico":"59570","data_inicio":"2026-06-28 19:24:00","data_final":"2026-06-28 23:59:59","id_equipe":"0","finaliza_processo":"N"}
[2026-06-28T22:24:25.898Z] Resposta raw POST /su_oss_chamado_mensagem: {"type":"error","message":"Para agendar a Ordem de Servi\u00e7o utilize o bot\u00e3o respectivo [Agendar].","atualiza_campos":[{"tipo":"s","campo":"tipo_cobranca","valor":""}]}
[2026-06-28T22:24:25.901Z] [PASSO B] Erro do IXC ao agendar OS 1816523: {"type":"error","message":"Para agendar a Ordem de Serviço utilize o botão respectivo [Agendar].","atualiza_campos":[{"tipo":"s","campo":"tipo_cobranca","valor":""}]}
[2026-06-28T22:24:25.905Z] IMPORTANTE: o usuário/token da API não tem permissão para agendar OS via webservice. Verifique permissões no IXC.
[2026-06-28T22:24:25.909Z] FIM. Retornando protocolo 202606150706
[2026-06-28T22:34:39.729Z] == INICIANDO ABERTURA TICK: Tecnico 59841 ==
[2026-06-28T22:34:40.206Z] Criado Ticket: {"type":"success","message":"Registro inserido com sucesso!","id":"776624","atualiza_campos":[{"tipo":"i","campo":"id_cliente","valor":"681"},{"tipo":"i","campo":"status","valor":"T"},{"tipo":"s","campo":"su_status","valor":"EP"},{"tipo":"i","campo":"protocolo","valor":""},{"tipo":"i","campo":"token","valor":"1cfbc407d74dc324eb020ed62022dbd26f43d2ca"},{"tipo":"i","campo":"id_filial","valor":"1"},{"tipo":"i","campo":"interacao_pendente","valor":"I"},{"tipo":"i","campo":"id_evento_status_processo","valor":""},{"tipo":"i","campo":"ultima_atualizacao","valor":"2026-06-28 19:34:41"}]}
[2026-06-28T22:34:43.224Z] buscando ticket 776624...
[2026-06-28T22:34:43.412Z] Buscando OS vinculada ao ticket 776624 [TENTATIVA 1]
[2026-06-28T22:34:43.722Z] ENCONTROU OS! ID: 1816524. Protocolo OS: 202606150707
[2026-06-28T22:34:43.725Z] [PASSO A] Atualizando registro da OS 1816524 com id_tecnico=59841
[2026-06-28T22:34:43.727Z] Payload PUT /su_oss_chamado/1816524: {"mensagem_resposta":"","data_hora_analise":"","data_hora_encaminhado":"","data_hora_assumido":"","data_hora_execucao":"","id_contrato_kit":"18426","preview":"","data_agenda_final":"2026-06-28 23:59:59","status_assinatura":"A","habilita_assinatura_cliente":"N","status_pesquisa_satisfacao":"0","id_receber":"","id":"1816524","tipo":"C","id_filial":"1","id_wfl_tarefa":"1900","status_sla":"","data_abertura":"2026-06-28 19:34:41","melhor_horario_agenda":"Q","liberado":"1","status":"AG","id_cliente":"681","id_assunto":"1154","setor":"54","id_cidade":"1721","id_tecnico":"59841","prioridade":"N","origem_os_aberta":"P","mensagem":"Processo: CHAMADO SUPORTE DE T.I (Dev). Tarefa: SOLICITAR ATENDIMENTO AO SETOR DE T.I. \nDescrição OS anterior: Disparando do processo ID: 237\n Mensagem do cliente: Solicitante: MARCIO EDUARDO FELIX\n\n========================\nDESCREVA A SITUAÇÃO:\ntete\n========================","protocolo":"202606150707","endereco":"AL Penedo 57200-000 SENHOR DO BONFIM - RODOVIA MARIO FREIRE LEAHY, 1650","complemento":"SENHOR DO BONFIM","id_condominio":"0","latitude":"-10.1776969","bloco":"","longitude":"-36.5897154","apartamento":"","bairro":"SENHOR DO BONFIM","referencia":"PRESTEK TELECOM","impresso":"N","data_inicio":"","data_agenda":"2026-06-28 19:34:00","data_final":"","data_fechamento":"","id_wfl_param_os":"1113","valor_outras_despesas":"","valor_total_comissao":"0.00","valor_total":"","gera_comissao":"S","idx":"","valor_unit_comissao":"0.00","id_su_diagnostico":"","id_estrutura":"","id_login":"1","data_prazo_limite":"","data_reservada":"0000-00-00","id_ticket":"776624","origem_endereco":"CC","justificativa_sla_atrasado":"","origem_endereco_estrutura":"E","data_reagendar":"","data_prev_final":"","origem_cadastro":"P","ultima_atualizacao":"2026-06-28 19:34:41"}
[2026-06-28T22:34:43.927Z] Resposta raw PUT /su_oss_chamado/1816524: {"type":"success","message":"Registro atualizado com sucesso!","id":"1816524","atualiza_campos":[{"tipo":"i","campo":"ultima_atualizacao","valor":"2026-06-28 19:34:44"}]}
[2026-06-28T22:34:43.929Z] [PASSO A] OS 1816524 atualizada com sucesso. id_tecnico=59841. Resposta: {"type":"success","message":"Registro atualizado com sucesso!","id":"1816524","atualiza_campos":[{"tipo":"i","campo":"ultima_atualizacao","valor":"2026-06-28 19:34:44"}]}
[2026-06-28T22:34:43.930Z] [PASSO B] Agendando OS 1816524 para o técnico 59841
[2026-06-28T22:34:43.931Z] Payload POST /su_oss_chamado_mensagem: {"id_chamado":"1816524","status":"AG","id_evento":"5","mensagem":"Agendado automaticamente via Intranet","id_tecnico":"59841","data_inicio":"2026-06-28 19:34:00","data_final":"2026-06-28 23:59:59","id_equipe":"0","finaliza_processo":"N"}
[2026-06-28T22:34:44.115Z] Resposta raw POST /su_oss_chamado_mensagem: {"type":"error","message":"Para agendar a Ordem de Servi\u00e7o utilize o bot\u00e3o respectivo [Agendar].","atualiza_campos":[{"tipo":"s","campo":"tipo_cobranca","valor":""}]}
[2026-06-28T22:34:44.117Z] [PASSO B] Erro do IXC ao agendar OS 1816524: {"type":"error","message":"Para agendar a Ordem de Serviço utilize o botão respectivo [Agendar].","atualiza_campos":[{"tipo":"s","campo":"tipo_cobranca","valor":""}]}
[2026-06-28T22:34:44.118Z] IMPORTANTE: o usuário/token da API não tem permissão para agendar OS via webservice. Verifique permissões no IXC.
[2026-06-28T22:34:44.118Z] FIM. Retornando protocolo 202606150707
[2026-06-28T22:48:26.438Z] == INICIANDO ABERTURA TICK: Tecnico 59570 ==
[2026-06-28T22:48:26.719Z] Criado Ticket: {"type":"success","message":"Registro inserido com sucesso!","id":"776625","atualiza_campos":[{"tipo":"i","campo":"id_cliente","valor":"681"},{"tipo":"i","campo":"status","valor":"T"},{"tipo":"s","campo":"su_status","valor":"EP"},{"tipo":"i","campo":"protocolo","valor":""},{"tipo":"i","campo":"token","valor":"7ea0c50927904aded716a83163c90bb1b2350b92"},{"tipo":"i","campo":"id_filial","valor":"1"},{"tipo":"i","campo":"interacao_pendente","valor":"I"},{"tipo":"i","campo":"id_evento_status_processo","valor":""},{"tipo":"i","campo":"ultima_atualizacao","valor":"2026-06-28 19:48:27"}]}
[2026-06-28T22:48:29.734Z] buscando ticket 776625...
[2026-06-28T22:48:29.918Z] Buscando OS vinculada ao ticket 776625 [TENTATIVA 1]
[2026-06-28T22:48:30.243Z] ENCONTROU OS! ID: 1816525. Protocolo OS: 202606150708
[2026-06-28T22:48:30.245Z] [PASSO A] Atualizando registro da OS 1816525 com id_tecnico=59570
[2026-06-28T22:48:30.247Z] Payload PUT /su_oss_chamado/1816525: {"mensagem_resposta":"","data_hora_analise":"","data_hora_encaminhado":"","data_hora_assumido":"","data_hora_execucao":"","id_contrato_kit":"18426","preview":"","data_agenda_final":"2026-06-28 23:59:59","status_assinatura":"A","habilita_assinatura_cliente":"N","status_pesquisa_satisfacao":"0","id_receber":"","id":"1816525","tipo":"C","id_filial":"1","id_wfl_tarefa":"1900","status_sla":"","data_abertura":"2026-06-28 19:48:27","melhor_horario_agenda":"Q","liberado":"1","status":"AG","id_cliente":"681","id_assunto":"1154","setor":"54","id_cidade":"1721","id_tecnico":"59570","prioridade":"N","origem_os_aberta":"P","mensagem":"Processo: CHAMADO SUPORTE DE T.I (Dev). Tarefa: SOLICITAR ATENDIMENTO AO SETOR DE T.I. \nDescrição OS anterior: Disparando do processo ID: 237\n Mensagem do cliente: Solicitante: MARCIO EDUARDO FELIX\n\n========================\nDESCREVA A SITUAÇÃO:\nfgdwsfgedgfw\n========================","protocolo":"202606150708","endereco":"AL Penedo 57200-000 SENHOR DO BONFIM - RODOVIA MARIO FREIRE LEAHY, 1650","complemento":"SENHOR DO BONFIM","id_condominio":"0","latitude":"-10.1776969","bloco":"","longitude":"-36.5897154","apartamento":"","bairro":"SENHOR DO BONFIM","referencia":"PRESTEK TELECOM","impresso":"N","data_inicio":"","data_agenda":"2026-06-28 19:48:00","data_final":"","data_fechamento":"","id_wfl_param_os":"1113","valor_outras_despesas":"","valor_total_comissao":"0.00","valor_total":"","gera_comissao":"S","idx":"","valor_unit_comissao":"0.00","id_su_diagnostico":"","id_estrutura":"","id_login":"1","data_prazo_limite":"","data_reservada":"0000-00-00","id_ticket":"776625","origem_endereco":"CC","justificativa_sla_atrasado":"","origem_endereco_estrutura":"E","data_reagendar":"","data_prev_final":"","origem_cadastro":"P","ultima_atualizacao":"2026-06-28 19:48:27"}
[2026-06-28T22:48:30.427Z] Resposta raw PUT /su_oss_chamado/1816525: {"type":"success","message":"Registro atualizado com sucesso!","id":"1816525","atualiza_campos":[{"tipo":"i","campo":"ultima_atualizacao","valor":"2026-06-28 19:48:31"}]}
[2026-06-28T22:48:30.428Z] [PASSO A] OS 1816525 atualizada com sucesso. id_tecnico=59570. Resposta: {"type":"success","message":"Registro atualizado com sucesso!","id":"1816525","atualiza_campos":[{"tipo":"i","campo":"ultima_atualizacao","valor":"2026-06-28 19:48:31"}]}
[2026-06-28T22:48:30.429Z] [PASSO B] Encaminhando OS 1816525 para o técnico 59570
[2026-06-28T22:48:30.430Z] Payload POST /su_oss_chamado_mensagem (evento 4): {"id_chamado":"1816525","status":"EN","id_evento":"4","mensagem":"Encaminhado automaticamente via Intranet","id_tecnico":"59570","id_equipe":"0","finaliza_processo":"N"}
[2026-06-28T22:48:30.611Z] Resposta raw POST /su_oss_chamado_mensagem (evento 4): {"type":"error","message":"Para alterar o setor da Ordem de Servi\u00e7o utilize o bot\u00e3o respectivo [Alterar setor].","atualiza_campos":[{"tipo":"s","campo":"tipo_cobranca","valor":""}]}
[2026-06-28T22:48:30.613Z] [PASSO B] Erro do IXC ao encaminhar OS 1816525: {"type":"error","message":"Para alterar o setor da Ordem de Serviço utilize o botão respectivo [Alterar setor].","atualiza_campos":[{"tipo":"s","campo":"tipo_cobranca","valor":""}]}
[2026-06-28T22:48:30.626Z] [PASSO C] Agendando OS 1816525 para o técnico 59570
[2026-06-28T22:48:30.627Z] Payload POST /su_oss_chamado_mensagem (evento 5): {"id_chamado":"1816525","status":"AG","id_evento":"5","mensagem":"Agendado automaticamente via Intranet","id_tecnico":"59570","data_inicio":"2026-06-28 19:48:00","data_final":"2026-06-28 23:59:59","id_equipe":"0","finaliza_processo":"N"}
[2026-06-28T22:48:30.775Z] Resposta raw POST /su_oss_chamado_mensagem (evento 5): {"type":"error","message":"Para agendar a Ordem de Servi\u00e7o utilize o bot\u00e3o respectivo [Agendar].","atualiza_campos":[{"tipo":"s","campo":"tipo_cobranca","valor":""}]}
[2026-06-28T22:48:30.782Z] [PASSO C] Erro do IXC ao agendar OS 1816525: {"type":"error","message":"Para agendar a Ordem de Serviço utilize o botão respectivo [Agendar].","atualiza_campos":[{"tipo":"s","campo":"tipo_cobranca","valor":""}]}
[2026-06-28T22:48:30.784Z] IMPORTANTE: o usuário/token da API não tem permissão para agendar OS via webservice. Verifique permissões no IXC.
[2026-06-28T22:48:30.789Z] FIM. Retornando protocolo 202606150708
[2026-06-29T12:44:44.000Z] == INICIANDO ABERTURA TICK: Tecnico 59841 ==
[2026-06-29T12:44:50.358Z] == INICIANDO ABERTURA TICK: Tecnico 59841 ==
[2026-06-29T12:44:50.929Z] Criado Ticket: {"type":"success","message":"Registro inserido com sucesso!","id":"776639","atualiza_campos":[{"tipo":"i","campo":"id_cliente","valor":"681"},{"tipo":"i","campo":"status","valor":"T"},{"tipo":"s","campo":"su_status","valor":"EP"},{"tipo":"i","campo":"protocolo","valor":""},{"tipo":"i","campo":"token","valor":"d926435bb2bb8e51b8f54bcfbe1d10c1b82e798b"},{"tipo":"i","campo":"id_filial","valor":"1"},{"tipo":"i","campo":"interacao_pendente","valor":"I"},{"tipo":"i","campo":"id_evento_status_processo","valor":""},{"tipo":"i","campo":"ultima_atualizacao","valor":"2026-06-29 09:44:51"}]}
[2026-06-29T12:44:53.942Z] buscando ticket 776639...
[2026-06-29T12:44:54.110Z] Buscando OS vinculada ao ticket 776639 [TENTATIVA 1]
[2026-06-29T12:44:54.465Z] ENCONTROU OS! ID: 1816545. Protocolo OS: 202606150744
[2026-06-29T12:44:54.467Z] [PASSO A] Atualizando registro da OS 1816545 com id_tecnico=59841
[2026-06-29T12:44:54.469Z] Payload PUT /su_oss_chamado/1816545: {"mensagem_resposta":"","data_hora_analise":"","data_hora_encaminhado":"","data_hora_assumido":"","data_hora_execucao":"","id_contrato_kit":"18426","preview":"","data_agenda_final":"2026-06-29 23:59:59","status_assinatura":"A","habilita_assinatura_cliente":"N","status_pesquisa_satisfacao":"0","id_receber":"","id":"1816545","tipo":"C","id_filial":"1","id_wfl_tarefa":"1900","status_sla":"","data_abertura":"2026-06-29 09:44:51","melhor_horario_agenda":"Q","liberado":"1","status":"AG","id_cliente":"681","id_assunto":"1154","setor":"54","id_cidade":"1721","id_tecnico":"59841","prioridade":"N","origem_os_aberta":"P","mensagem":"Processo: CHAMADO SUPORTE DE T.I (Dev). Tarefa: SOLICITAR ATENDIMENTO AO SETOR DE T.I. \nDescrição OS anterior: Disparando do processo ID: 237\n Mensagem do cliente: Solicitante: Teste Intranet Dev\n\n========================\nDESCREVA A SITUAÇÃO:\nTeste automatizado - continuidade do desenvolvimento\n========================","protocolo":"202606150744","endereco":"AL Penedo 57200-000 SENHOR DO BONFIM - RODOVIA MARIO FREIRE LEAHY, 1650","complemento":"SENHOR DO BONFIM","id_condominio":"0","latitude":"-10.1776969","bloco":"","longitude":"-36.5897154","apartamento":"","bairro":"SENHOR DO BONFIM","referencia":"PRESTEK TELECOM","impresso":"N","data_inicio":"","data_agenda":"2026-06-29 09:44:00","data_final":"","data_fechamento":"","id_wfl_param_os":"1113","valor_outras_despesas":"","valor_total_comissao":"0.00","valor_total":"","gera_comissao":"S","idx":"","valor_unit_comissao":"0.00","id_su_diagnostico":"","id_estrutura":"","id_login":"1","data_prazo_limite":"","data_reservada":"0000-00-00","id_ticket":"776639","origem_endereco":"CC","justificativa_sla_atrasado":"","origem_endereco_estrutura":"E","data_reagendar":"","data_prev_final":"","origem_cadastro":"P","ultima_atualizacao":"2026-06-29 09:44:51"}
[2026-06-29T12:44:54.642Z] Resposta raw PUT /su_oss_chamado/1816545: {"type":"success","message":"Registro atualizado com sucesso!","id":"1816545","atualiza_campos":[{"tipo":"i","campo":"ultima_atualizacao","valor":"2026-06-29 09:44:54"}]}
[2026-06-29T12:44:54.643Z] [PASSO A] OS 1816545 atualizada com sucesso. id_tecnico=59841. Resposta: {"type":"success","message":"Registro atualizado com sucesso!","id":"1816545","atualiza_campos":[{"tipo":"i","campo":"ultima_atualizacao","valor":"2026-06-29 09:44:54"}]}
[2026-06-29T12:44:54.644Z] [PASSO B] Encaminhando OS 1816545 para o técnico 59841
[2026-06-29T12:44:54.645Z] Payload POST /su_oss_chamado_mensagem (evento 4): {"id_chamado":"1816545","status":"EN","id_evento":"4","mensagem":"Encaminhado automaticamente via Intranet","id_tecnico":"59841","id_operador":"222","id_equipe":"0","finaliza_processo":"N"}
[2026-06-29T12:44:54.806Z] Resposta raw POST /su_oss_chamado_mensagem (evento 4): {"type":"error","message":"Para alterar o setor da Ordem de Servi\u00e7o utilize o bot\u00e3o respectivo [Alterar setor].","atualiza_campos":[{"tipo":"s","campo":"tipo_cobranca","valor":""}]}
[2026-06-29T12:44:54.807Z] [PASSO B] Erro do IXC ao encaminhar OS 1816545: {"type":"error","message":"Para alterar o setor da Ordem de Serviço utilize o botão respectivo [Alterar setor].","atualiza_campos":[{"tipo":"s","campo":"tipo_cobranca","valor":""}]}
[2026-06-29T12:44:54.808Z] [PASSO C] Agendando OS 1816545 para o técnico 59841
[2026-06-29T12:44:54.808Z] Payload POST /su_oss_chamado_mensagem (evento 5): {"id_chamado":"1816545","status":"AG","id_evento":"5","mensagem":"Agendado automaticamente via Intranet","id_tecnico":"59841","id_operador":"222","data_inicio":"2026-06-29 09:44:00","data_final":"2026-06-29 23:59:59","id_equipe":"0","finaliza_processo":"N"}
[2026-06-29T12:44:54.989Z] Resposta raw POST /su_oss_chamado_mensagem (evento 5): {"type":"error","message":"Para agendar a Ordem de Servi\u00e7o utilize o bot\u00e3o respectivo [Agendar].","atualiza_campos":[{"tipo":"s","campo":"tipo_cobranca","valor":""}]}
[2026-06-29T12:44:54.990Z] [PASSO C] Erro do IXC ao agendar OS 1816545: {"type":"error","message":"Para agendar a Ordem de Serviço utilize o botão respectivo [Agendar].","atualiza_campos":[{"tipo":"s","campo":"tipo_cobranca","valor":""}]}
[2026-06-29T12:44:54.991Z] IMPORTANTE: o usuário/token da API não tem permissão para agendar OS via webservice. Verifique permissões no IXC.
[2026-06-29T12:44:54.991Z] FIM. Retornando protocolo 202606150744
[2026-06-29T12:45:29.293Z] == INICIANDO ABERTURA TICK: Tecnico 59570 ==
[2026-06-29T12:45:29.786Z] Criado Ticket: {"type":"success","message":"Registro inserido com sucesso!","id":"776641","atualiza_campos":[{"tipo":"i","campo":"id_cliente","valor":"681"},{"tipo":"i","campo":"status","valor":"T"},{"tipo":"s","campo":"su_status","valor":"EP"},{"tipo":"i","campo":"protocolo","valor":""},{"tipo":"i","campo":"token","valor":"22a4c51885d42ffc0c7116684acb8fd579a31e6e"},{"tipo":"i","campo":"id_filial","valor":"1"},{"tipo":"i","campo":"interacao_pendente","valor":"I"},{"tipo":"i","campo":"id_evento_status_processo","valor":""},{"tipo":"i","campo":"ultima_atualizacao","valor":"2026-06-29 09:45:29"}]}
[2026-06-29T12:45:32.817Z] buscando ticket 776641...
[2026-06-29T12:45:33.020Z] Buscando OS vinculada ao ticket 776641 [TENTATIVA 1]
[2026-06-29T12:45:33.394Z] ENCONTROU OS! ID: 1816547. Protocolo OS: 202606150746
[2026-06-29T12:45:33.416Z] [PASSO A] Atualizando registro da OS 1816547 com id_tecnico=59570
[2026-06-29T12:45:33.422Z] Payload PUT /su_oss_chamado/1816547: {"mensagem_resposta":"","data_hora_analise":"","data_hora_encaminhado":"","data_hora_assumido":"","data_hora_execucao":"","id_contrato_kit":"18426","preview":"","data_agenda_final":"2026-06-29 23:59:59","status_assinatura":"A","habilita_assinatura_cliente":"N","status_pesquisa_satisfacao":"0","id_receber":"","id":"1816547","tipo":"C","id_filial":"1","id_wfl_tarefa":"1900","status_sla":"","data_abertura":"2026-06-29 09:45:29","melhor_horario_agenda":"Q","liberado":"1","status":"AG","id_cliente":"681","id_assunto":"1154","setor":"54","id_cidade":"1721","id_tecnico":"59570","prioridade":"N","origem_os_aberta":"P","mensagem":"Processo: CHAMADO SUPORTE DE T.I (Dev). Tarefa: SOLICITAR ATENDIMENTO AO SETOR DE T.I. \nDescrição OS anterior: Disparando do processo ID: 237\n Mensagem do cliente: Solicitante: Teste Intranet Dev\n\n========================\nDESCREVA A SITUAÇÃO:\nTeste automatizado - tecnico MARCIO\n========================","protocolo":"202606150746","endereco":"AL Penedo 57200-000 SENHOR DO BONFIM - RODOVIA MARIO FREIRE LEAHY, 1650","complemento":"SENHOR DO BONFIM","id_condominio":"0","latitude":"-10.1776969","bloco":"","longitude":"-36.5897154","apartamento":"","bairro":"SENHOR DO BONFIM","referencia":"PRESTEK TELECOM","impresso":"N","data_inicio":"","data_agenda":"2026-06-29 09:45:00","data_final":"","data_fechamento":"","id_wfl_param_os":"1113","valor_outras_despesas":"","valor_total_comissao":"0.00","valor_total":"","gera_comissao":"S","idx":"","valor_unit_comissao":"0.00","id_su_diagnostico":"","id_estrutura":"","id_login":"1","data_prazo_limite":"","data_reservada":"0000-00-00","id_ticket":"776641","origem_endereco":"CC","justificativa_sla_atrasado":"","origem_endereco_estrutura":"E","data_reagendar":"","data_prev_final":"","origem_cadastro":"P","ultima_atualizacao":"2026-06-29 09:45:29"}
[2026-06-29T12:45:33.658Z] Resposta raw PUT /su_oss_chamado/1816547: {"type":"success","message":"Registro atualizado com sucesso!","id":"1816547","atualiza_campos":[{"tipo":"i","campo":"ultima_atualizacao","valor":"2026-06-29 09:45:33"}]}
[2026-06-29T12:45:33.663Z] [PASSO A] OS 1816547 atualizada com sucesso. id_tecnico=59570. Resposta: {"type":"success","message":"Registro atualizado com sucesso!","id":"1816547","atualiza_campos":[{"tipo":"i","campo":"ultima_atualizacao","valor":"2026-06-29 09:45:33"}]}
[2026-06-29T12:45:33.677Z] [PASSO B] Encaminhando OS 1816547 para o técnico 59570
[2026-06-29T12:45:33.683Z] Payload POST /su_oss_chamado_mensagem (evento 4): {"id_chamado":"1816547","status":"EN","id_evento":"4","mensagem":"Encaminhado automaticamente via Intranet","id_tecnico":"59570","id_operador":"222","id_equipe":"0","finaliza_processo":"N"}
[2026-06-29T12:45:33.895Z] Resposta raw POST /su_oss_chamado_mensagem (evento 4): {"type":"error","message":"Para alterar o setor da Ordem de Servi\u00e7o utilize o bot\u00e3o respectivo [Alterar setor].","atualiza_campos":[{"tipo":"s","campo":"tipo_cobranca","valor":""}]}
[2026-06-29T12:45:33.901Z] [PASSO B] Erro do IXC ao encaminhar OS 1816547: {"type":"error","message":"Para alterar o setor da Ordem de Serviço utilize o botão respectivo [Alterar setor].","atualiza_campos":[{"tipo":"s","campo":"tipo_cobranca","valor":""}]}
[2026-06-29T12:45:33.902Z] [PASSO C] Agendando OS 1816547 para o técnico 59570
[2026-06-29T12:45:33.905Z] Payload POST /su_oss_chamado_mensagem (evento 5): {"id_chamado":"1816547","status":"AG","id_evento":"5","mensagem":"Agendado automaticamente via Intranet","id_tecnico":"59570","id_operador":"222","data_inicio":"2026-06-29 09:45:00","data_final":"2026-06-29 23:59:59","id_equipe":"0","finaliza_processo":"N"}
[2026-06-29T12:45:34.118Z] Resposta raw POST /su_oss_chamado_mensagem (evento 5): {"type":"error","message":"Para agendar a Ordem de Servi\u00e7o utilize o bot\u00e3o respectivo [Agendar].","atualiza_campos":[{"tipo":"s","campo":"tipo_cobranca","valor":""}]}
[2026-06-29T12:45:34.135Z] [PASSO C] Erro do IXC ao agendar OS 1816547: {"type":"error","message":"Para agendar a Ordem de Serviço utilize o botão respectivo [Agendar].","atualiza_campos":[{"tipo":"s","campo":"tipo_cobranca","valor":""}]}
[2026-06-29T12:45:34.147Z] IMPORTANTE: o usuário/token da API não tem permissão para agendar OS via webservice. Verifique permissões no IXC.
[2026-06-29T12:45:34.154Z] FIM. Retornando protocolo 202606150746
[2026-06-29T14:27:20.618Z] == INICIANDO ABERTURA TICK: Tecnico 59841 ==
[2026-06-29T14:27:28.728Z] == INICIANDO ABERTURA TICK: Tecnico 59841 ==
[2026-06-29T14:27:29.390Z] Criado Ticket: {"type":"success","message":"Registro inserido com sucesso!","id":"776664","atualiza_campos":[{"tipo":"i","campo":"id_cliente","valor":"681"},{"tipo":"i","campo":"status","valor":"T"},{"tipo":"s","campo":"su_status","valor":"EP"},{"tipo":"i","campo":"protocolo","valor":""},{"tipo":"i","campo":"token","valor":"b7f3a3c1ea949a1b875824b2e4dc5419b27d1650"},{"tipo":"i","campo":"id_filial","valor":"1"},{"tipo":"i","campo":"interacao_pendente","valor":"I"},{"tipo":"i","campo":"id_evento_status_processo","valor":""},{"tipo":"i","campo":"ultima_atualizacao","valor":"2026-06-29 11:27:29"}]}
[2026-06-29T14:27:29.401Z] [TENTATIVA 1] Criando OS manual agendada para ticket 776664 com tecnico 59841
[2026-06-29T14:27:29.420Z] Payload POST /su_oss_chamado (manual): {"id_cliente":"681","id_login":"1","id_contrato":"18426","id_filial":"1","id_assunto":"1154","id_ticket":"776664","id_ticket_setor":"16","setor":"54","id_cidade":"1721","id_tecnico":"59841","prioridade":"N","origem_endereco":"CC","endereco":"AL Penedo 57200-000 SENHOR DO BONFIM - RODOVIA MARIO FREIRE LEAHY, 1650","numero":"1650","bairro":"SENHOR DO BONFIM","cidade":"1721","cep":"57200-000","latitude":"-10.277295","longitude":"-36.5581617","status":"AG","data_agenda":"2026-06-29 11:27:00","data_agenda_final":"2026-06-29 23:59:59","mensagem":"Solicitante: Teste Intranet Dev\n\n========================\nDESCREVA A SITUAÇÃO:\nTeste nova abordagem - OS manual agendada\n========================"}
[2026-06-29T14:27:29.801Z] Resposta raw POST /su_oss_chamado (manual): {"type":"error","message":"Esse ticket j\u00e1 possui uma O.S. vinculada [ID: 776664], para criar mais que uma OS por atendimento, utilize PROCESSO!","atualiza_campos":[{"tipo":"i","campo":"data_agenda_final","valor":"29\/06\/2026 23:59:59"},{"tipo":"s","campo":"status_assinatura","valor":""},{"tipo":"i","campo":"habilita_assinatura_cliente","valor":"N"},{"tipo":"s","campo":"status","valor":"AG"},{"tipo":"r","campo":"origem_os_aberta","valor":""},{"tipo":"i","campo":"ultima_atualizacao","valor":""}]}
[2026-06-29T14:27:29.810Z] [TENTATIVA 1] Falha ao criar OS manual: {"type":"error","message":"Esse ticket já possui uma O.S. vinculada [ID: 776664], para criar mais que uma OS por atendimento, utilize PROCESSO!","atualiza_campos":[{"tipo":"i","campo":"data_agenda_final","valor":"29/06/2026 23:59:59"},{"tipo":"s","campo":"status_assinatura","valor":""},{"tipo":"i","campo":"habilita_assinatura_cliente","valor":"N"},{"tipo":"s","campo":"status","valor":"AG"},{"tipo":"r","campo":"origem_os_aberta","valor":""},{"tipo":"i","campo":"ultima_atualizacao","valor":""}]}
[2026-06-29T14:27:29.916Z] [TENTATIVA 2] OS manual não criada. Buscando OS gerada pelo workflow...
[2026-06-29T14:27:33.237Z] buscando ticket 776664...
[2026-06-29T14:27:33.425Z] Buscando OS vinculada ao ticket 776664 [TENTATIVA 1]
[2026-06-29T14:27:33.611Z] ENCONTROU OS! ID: 1816586. Protocolo OS: 202606150804
[2026-06-29T14:27:33.616Z] [PASSO A] Atualizando registro da OS 1816586 com id_tecnico=59841
[2026-06-29T14:27:33.651Z] Payload PUT /su_oss_chamado/1816586: {"mensagem_resposta":"","data_hora_analise":"","data_hora_encaminhado":"","data_hora_assumido":"","data_hora_execucao":"","id_contrato_kit":"18426","preview":"","data_agenda_final":"2026-06-29 23:59:59","status_assinatura":"A","habilita_assinatura_cliente":"N","status_pesquisa_satisfacao":"0","id_receber":"","id":"1816586","tipo":"C","id_filial":"1","id_wfl_tarefa":"1900","status_sla":"","data_abertura":"2026-06-29 11:27:29","melhor_horario_agenda":"Q","liberado":"1","status":"AG","id_cliente":"681","id_assunto":"1154","setor":"54","id_cidade":"1721","id_tecnico":"59841","prioridade":"N","origem_os_aberta":"P","mensagem":"Processo: CHAMADO SUPORTE DE T.I (Dev). Tarefa: SOLICITAR ATENDIMENTO AO SETOR DE T.I. \nDescrição OS anterior: Disparando do processo ID: 237\n Mensagem do cliente: Solicitante: Teste Intranet Dev\n\n========================\nDESCREVA A SITUAÇÃO:\nTeste nova abordagem - OS manual agendada\n========================","protocolo":"202606150804","endereco":"AL Penedo 57200-000 SENHOR DO BONFIM - RODOVIA MARIO FREIRE LEAHY, 1650","complemento":"SENHOR DO BONFIM","id_condominio":"0","latitude":"-10.1776969","bloco":"","longitude":"-36.5897154","apartamento":"","bairro":"SENHOR DO BONFIM","referencia":"PRESTEK TELECOM","impresso":"N","data_inicio":"","data_agenda":"2026-06-29 11:27:00","data_final":"","data_fechamento":"","id_wfl_param_os":"1113","valor_outras_despesas":"","valor_total_comissao":"0.00","valor_total":"","gera_comissao":"S","idx":"","valor_unit_comissao":"0.00","id_su_diagnostico":"","id_estrutura":"","id_login":"1","data_prazo_limite":"","data_reservada":"0000-00-00","id_ticket":"776664","origem_endereco":"CC","justificativa_sla_atrasado":"","origem_endereco_estrutura":"E","data_reagendar":"","data_prev_final":"","origem_cadastro":"P","ultima_atualizacao":"2026-06-29 11:27:29"}
[2026-06-29T14:27:33.869Z] Resposta raw PUT /su_oss_chamado/1816586: {"type":"success","message":"Registro atualizado com sucesso!","id":"1816586","atualiza_campos":[{"tipo":"i","campo":"ultima_atualizacao","valor":"2026-06-29 11:27:34"}]}
[2026-06-29T14:27:33.871Z] [PASSO A] OS 1816586 atualizada com sucesso (resposta IXC). id_tecnico=59841. Resposta: {"type":"success","message":"Registro atualizado com sucesso!","id":"1816586","atualiza_campos":[{"tipo":"i","campo":"ultima_atualizacao","valor":"2026-06-29 11:27:34"}]}
[2026-06-29T14:27:33.874Z] [PASSO B] Encaminhando OS 1816586 para o técnico 59841
[2026-06-29T14:27:33.880Z] Payload POST /su_oss_chamado_mensagem (evento 4): {"id_chamado":"1816586","status":"EN","id_evento":"4","mensagem":"Encaminhado automaticamente via Intranet","id_tecnico":"59841","id_operador":"222","id_equipe":"0","finaliza_processo":"N"}
[2026-06-29T14:27:34.084Z] Resposta raw POST /su_oss_chamado_mensagem (evento 4): {"type":"error","message":"Para alterar o setor da Ordem de Servi\u00e7o utilize o bot\u00e3o respectivo [Alterar setor].","atualiza_campos":[{"tipo":"s","campo":"tipo_cobranca","valor":""}]}
[2026-06-29T14:27:34.098Z] [PASSO B] Erro do IXC ao encaminhar OS 1816586: {"type":"error","message":"Para alterar o setor da Ordem de Serviço utilize o botão respectivo [Alterar setor].","atualiza_campos":[{"tipo":"s","campo":"tipo_cobranca","valor":""}]}
[2026-06-29T14:27:34.101Z] [PASSO C] Agendando OS 1816586 para o técnico 59841
[2026-06-29T14:27:34.117Z] Payload POST /su_oss_chamado_mensagem (evento 5): {"id_chamado":"1816586","status":"AG","id_evento":"5","mensagem":"Agendado automaticamente via Intranet","id_tecnico":"59841","id_operador":"222","data_inicio":"2026-06-29 11:27:00","data_final":"2026-06-29 23:59:59","id_equipe":"0","finaliza_processo":"N"}
[2026-06-29T14:27:34.382Z] Resposta raw POST /su_oss_chamado_mensagem (evento 5): {"type":"error","message":"Para agendar a Ordem de Servi\u00e7o utilize o bot\u00e3o respectivo [Agendar].","atualiza_campos":[{"tipo":"s","campo":"tipo_cobranca","valor":""}]}
[2026-06-29T14:27:34.385Z] [PASSO C] Erro do IXC ao agendar OS 1816586: {"type":"error","message":"Para agendar a Ordem de Serviço utilize o botão respectivo [Agendar].","atualiza_campos":[{"tipo":"s","campo":"tipo_cobranca","valor":""}]}
[2026-06-29T14:27:34.392Z] IMPORTANTE: o usuário/token da API não tem permissão para agendar OS via webservice. Verifique permissões no IXC.
[2026-06-29T14:27:34.415Z] FIM. Retornando protocolo 202606150804
[2026-06-29T14:51:49.801Z] == INICIANDO ABERTURA TICK: Tecnico 59841 ==
[2026-06-29T14:51:50.167Z] Criado Ticket: {"type":"success","message":"Registro inserido com sucesso!","id":"776671","atualiza_campos":[{"tipo":"i","campo":"id_cliente","valor":"681"},{"tipo":"i","campo":"status","valor":"T"},{"tipo":"s","campo":"su_status","valor":"EP"},{"tipo":"i","campo":"protocolo","valor":""},{"tipo":"i","campo":"token","valor":"b231f5e573f633e83b5af7b9e118accae3a46a7a"},{"tipo":"i","campo":"id_filial","valor":"1"},{"tipo":"i","campo":"interacao_pendente","valor":"I"},{"tipo":"i","campo":"id_evento_status_processo","valor":""},{"tipo":"i","campo":"ultima_atualizacao","valor":"2026-06-29 11:51:50"}]}
[2026-06-29T14:51:50.170Z] [TENTATIVA 1] Criando OS manual agendada para ticket 776671 com tecnico 59841
[2026-06-29T14:51:50.172Z] Payload POST /su_oss_chamado (manual): {"id_cliente":"681","id_login":"1","id_contrato":"18426","id_filial":"1","id_assunto":"1154","id_ticket":"776671","id_ticket_setor":"16","setor":"54","id_cidade":"1721","id_tecnico":"59841","prioridade":"N","origem_endereco":"CC","endereco":"AL Penedo 57200-000 SENHOR DO BONFIM - RODOVIA MARIO FREIRE LEAHY, 1650","numero":"1650","bairro":"SENHOR DO BONFIM","cidade":"1721","cep":"57200-000","latitude":"-10.277295","longitude":"-36.5581617","status":"AG","data_agenda":"2026-06-29 11:51:00","data_agenda_final":"2026-06-29 23:59:59","mensagem":"Solicitante: MARCIO EDUARDO FELIX\n\n========================\nDESCREVA A SITUAÇÃO:\nTeste\n========================"}
[2026-06-29T14:51:50.325Z] Resposta raw POST /su_oss_chamado (manual): {"type":"error","message":"Esse ticket j\u00e1 possui uma O.S. vinculada [ID: 776671], para criar mais que uma OS por atendimento, utilize PROCESSO!","atualiza_campos":[{"tipo":"i","campo":"data_agenda_final","valor":"29\/06\/2026 23:59:59"},{"tipo":"s","campo":"status_assinatura","valor":""},{"tipo":"i","campo":"habilita_assinatura_cliente","valor":"N"},{"tipo":"s","campo":"status","valor":"AG"},{"tipo":"r","campo":"origem_os_aberta","valor":""},{"tipo":"i","campo":"ultima_atualizacao","valor":""}]}
[2026-06-29T14:51:50.327Z] [TENTATIVA 1] Falha ao criar OS manual: {"type":"error","message":"Esse ticket já possui uma O.S. vinculada [ID: 776671], para criar mais que uma OS por atendimento, utilize PROCESSO!","atualiza_campos":[{"tipo":"i","campo":"data_agenda_final","valor":"29/06/2026 23:59:59"},{"tipo":"s","campo":"status_assinatura","valor":""},{"tipo":"i","campo":"habilita_assinatura_cliente","valor":"N"},{"tipo":"s","campo":"status","valor":"AG"},{"tipo":"r","campo":"origem_os_aberta","valor":""},{"tipo":"i","campo":"ultima_atualizacao","valor":""}]}
[2026-06-29T14:51:50.328Z] [TENTATIVA 2] OS manual não criada. Buscando OS gerada pelo workflow...
[2026-06-29T14:51:53.344Z] buscando ticket 776671...
[2026-06-29T14:51:53.495Z] Buscando OS vinculada ao ticket 776671 [TENTATIVA 1]
[2026-06-29T14:51:53.639Z] ENCONTROU OS! ID: 1816604. Protocolo OS: 202606150830
[2026-06-29T14:51:53.640Z] [PASSO A] Atualizando registro da OS 1816604 com id_tecnico=59841
[2026-06-29T14:51:53.641Z] Payload PUT /su_oss_chamado/1816604: {"mensagem_resposta":"","data_hora_analise":"","data_hora_encaminhado":"","data_hora_assumido":"","data_hora_execucao":"","id_contrato_kit":"18426","preview":"","data_agenda_final":"2026-06-29 23:59:59","status_assinatura":"A","habilita_assinatura_cliente":"N","status_pesquisa_satisfacao":"0","id_receber":"","id":"1816604","tipo":"C","id_filial":"1","id_wfl_tarefa":"1900","status_sla":"","data_abertura":"2026-06-29 11:51:50","melhor_horario_agenda":"Q","liberado":"1","status":"AG","id_cliente":"681","id_assunto":"1154","setor":"54","id_cidade":"1721","id_tecnico":"59841","prioridade":"N","origem_os_aberta":"P","mensagem":"Processo: CHAMADO SUPORTE DE T.I (Dev). Tarefa: SOLICITAR ATENDIMENTO AO SETOR DE T.I. \nDescrição OS anterior: Disparando do processo ID: 237\n Mensagem do cliente: Solicitante: MARCIO EDUARDO FELIX\n\n========================\nDESCREVA A SITUAÇÃO:\nTeste\n========================","protocolo":"202606150830","endereco":"AL Penedo 57200-000 SENHOR DO BONFIM - RODOVIA MARIO FREIRE LEAHY, 1650","complemento":"SENHOR DO BONFIM","id_condominio":"0","latitude":"-10.1776969","bloco":"","longitude":"-36.5897154","apartamento":"","bairro":"SENHOR DO BONFIM","referencia":"PRESTEK TELECOM","impresso":"N","data_inicio":"","data_agenda":"2026-06-29 11:51:00","data_final":"","data_fechamento":"","id_wfl_param_os":"1113","valor_outras_despesas":"","valor_total_comissao":"0.00","valor_total":"","gera_comissao":"S","idx":"","valor_unit_comissao":"0.00","id_su_diagnostico":"","id_estrutura":"","id_login":"1","data_prazo_limite":"","data_reservada":"0000-00-00","id_ticket":"776671","origem_endereco":"CC","justificativa_sla_atrasado":"","origem_endereco_estrutura":"E","data_reagendar":"","data_prev_final":"","origem_cadastro":"P","ultima_atualizacao":"2026-06-29 11:51:50"}
[2026-06-29T14:51:53.796Z] Resposta raw PUT /su_oss_chamado/1816604: {"type":"success","message":"Registro atualizado com sucesso!","id":"1816604","atualiza_campos":[{"tipo":"i","campo":"ultima_atualizacao","valor":"2026-06-29 11:51:54"}]}
[2026-06-29T14:51:53.797Z] [PASSO A] OS 1816604 atualizada com sucesso (resposta IXC). id_tecnico=59841. Resposta: {"type":"success","message":"Registro atualizado com sucesso!","id":"1816604","atualiza_campos":[{"tipo":"i","campo":"ultima_atualizacao","valor":"2026-06-29 11:51:54"}]}
[2026-06-29T14:51:53.797Z] [PASSO B] Encaminhando OS 1816604 para o técnico 59841
[2026-06-29T14:51:53.798Z] Payload POST /su_oss_chamado_mensagem (evento 4): {"id_chamado":"1816604","status":"EN","id_evento":"4","mensagem":"Encaminhado automaticamente via Intranet","id_tecnico":"59841","id_operador":"222","id_equipe":"0","finaliza_processo":"N"}
[2026-06-29T14:51:53.948Z] Resposta raw POST /su_oss_chamado_mensagem (evento 4): {"type":"error","message":"Para alterar o setor da Ordem de Servi\u00e7o utilize o bot\u00e3o respectivo [Alterar setor].","atualiza_campos":[{"tipo":"s","campo":"tipo_cobranca","valor":""}]}
[2026-06-29T14:51:53.950Z] [PASSO B] Erro do IXC ao encaminhar OS 1816604: {"type":"error","message":"Para alterar o setor da Ordem de Serviço utilize o botão respectivo [Alterar setor].","atualiza_campos":[{"tipo":"s","campo":"tipo_cobranca","valor":""}]}
[2026-06-29T14:51:53.951Z] [PASSO C] Agendando OS 1816604 para o técnico 59841
[2026-06-29T14:51:53.952Z] Payload POST /su_oss_chamado_mensagem (evento 5): {"id_chamado":"1816604","status":"AG","id_evento":"5","mensagem":"Agendado automaticamente via Intranet","id_tecnico":"59841","id_operador":"222","data_inicio":"2026-06-29 11:51:00","data_final":"2026-06-29 23:59:59","id_equipe":"0","finaliza_processo":"N"}
[2026-06-29T14:51:54.103Z] Resposta raw POST /su_oss_chamado_mensagem (evento 5): {"type":"error","message":"Para agendar a Ordem de Servi\u00e7o utilize o bot\u00e3o respectivo [Agendar].","atualiza_campos":[{"tipo":"s","campo":"tipo_cobranca","valor":""}]}
[2026-06-29T14:51:54.103Z] [PASSO C] Erro do IXC ao agendar OS 1816604: {"type":"error","message":"Para agendar a Ordem de Serviço utilize o botão respectivo [Agendar].","atualiza_campos":[{"tipo":"s","campo":"tipo_cobranca","valor":""}]}
[2026-06-29T14:51:54.104Z] IMPORTANTE: o usuário/token da API não tem permissão para agendar OS via webservice. Verifique permissões no IXC.
[2026-06-29T14:51:54.104Z] FIM. Retornando protocolo 202606150830
[2026-06-29T19:36:29.417Z] == INICIANDO ABERTURA TICK: Tecnico 59570 ==
[2026-06-29T19:36:32.544Z] == INICIANDO ABERTURA TICK: Tecnico 59570 ==
[2026-06-29T19:36:33.103Z] Criado Ticket: {"type":"success","message":"Registro inserido com sucesso!","id":"776700","atualiza_campos":[{"tipo":"i","campo":"id_cliente","valor":"681"},{"tipo":"i","campo":"status","valor":"T"},{"tipo":"s","campo":"su_status","valor":"EP"},{"tipo":"i","campo":"protocolo","valor":""},{"tipo":"i","campo":"token","valor":"0c8e33867ea9a4ac355ca848f967ac4319b95de0"},{"tipo":"i","campo":"id_filial","valor":"1"},{"tipo":"i","campo":"interacao_pendente","valor":"I"},{"tipo":"i","campo":"id_evento_status_processo","valor":""},{"tipo":"i","campo":"ultima_atualizacao","valor":"2026-06-29 16:36:34"}]}
[2026-06-29T19:36:33.105Z] [TENTATIVA 1] Criando OS manual agendada para ticket 776700 com tecnico 59570
[2026-06-29T19:36:33.106Z] Payload POST /su_oss_chamado (manual): {"id_cliente":"681","id_login":"1","id_contrato":"18426","id_filial":"1","id_assunto":"1154","id_ticket":"776700","id_ticket_setor":"16","setor":"54","id_cidade":"1721","id_tecnico":"59570","prioridade":"N","origem_endereco":"CC","endereco":"AL Penedo 57200-000 SENHOR DO BONFIM - RODOVIA MARIO FREIRE LEAHY, 1650","numero":"1650","bairro":"SENHOR DO BONFIM","cidade":"1721","cep":"57200-000","latitude":"-10.277295","longitude":"-36.5581617","status":"AG","data_agenda":"2026-06-29 16:36:00","data_agenda_final":"2026-06-29 23:59:59","mensagem":"Solicitante: MARCIO EDUARDO FELIX\n\n========================\nDESCREVA A SITUAÇÃO:\nTeste\n========================"}
[2026-06-29T19:36:33.421Z] Resposta raw POST /su_oss_chamado (manual): {"type":"error","message":"Esse ticket j\u00e1 possui uma O.S. vinculada [ID: 776700], para criar mais que uma OS por atendimento, utilize PROCESSO!","atualiza_campos":[{"tipo":"i","campo":"data_agenda_final","valor":"29\/06\/2026 23:59:59"},{"tipo":"s","campo":"status_assinatura","valor":""},{"tipo":"i","campo":"habilita_assinatura_cliente","valor":"N"},{"tipo":"s","campo":"status","valor":"AG"},{"tipo":"r","campo":"origem_os_aberta","valor":""},{"tipo":"i","campo":"ultima_atualizacao","valor":""}]}
[2026-06-29T19:36:33.430Z] [TENTATIVA 1] Falha ao criar OS manual: {"type":"error","message":"Esse ticket já possui uma O.S. vinculada [ID: 776700], para criar mais que uma OS por atendimento, utilize PROCESSO!","atualiza_campos":[{"tipo":"i","campo":"data_agenda_final","valor":"29/06/2026 23:59:59"},{"tipo":"s","campo":"status_assinatura","valor":""},{"tipo":"i","campo":"habilita_assinatura_cliente","valor":"N"},{"tipo":"s","campo":"status","valor":"AG"},{"tipo":"r","campo":"origem_os_aberta","valor":""},{"tipo":"i","campo":"ultima_atualizacao","valor":""}]}
[2026-06-29T19:36:33.431Z] [TENTATIVA 2] OS manual não criada. Buscando OS gerada pelo workflow...
[2026-06-29T19:36:36.438Z] buscando ticket 776700...
[2026-06-29T19:36:36.624Z] Buscando OS vinculada ao ticket 776700 [TENTATIVA 1]
[2026-06-29T19:36:36.801Z] ENCONTROU OS! ID: 1816692. Protocolo OS: 202606150947
[2026-06-29T19:36:36.803Z] [PASSO A] Atualizando registro da OS 1816692 com id_tecnico=59570
[2026-06-29T19:36:36.805Z] Payload PUT /su_oss_chamado/1816692: {"mensagem_resposta":"","data_hora_analise":"","data_hora_encaminhado":"","data_hora_assumido":"","data_hora_execucao":"","id_contrato_kit":"18426","preview":"","data_agenda_final":"2026-06-29 23:59:59","status_assinatura":"A","habilita_assinatura_cliente":"N","status_pesquisa_satisfacao":"0","id_receber":"","id":"1816692","tipo":"C","id_filial":"1","id_wfl_tarefa":"1900","status_sla":"","data_abertura":"2026-06-29 16:36:34","melhor_horario_agenda":"Q","liberado":"1","status":"AG","id_cliente":"681","id_assunto":"1154","setor":"54","id_cidade":"1721","id_tecnico":"59570","prioridade":"N","origem_os_aberta":"P","mensagem":"Processo: CHAMADO SUPORTE DE T.I (Dev). Tarefa: SOLICITAR ATENDIMENTO AO SETOR DE T.I. \nDescrição OS anterior: Disparando do processo ID: 237\n Mensagem do cliente: Solicitante: MARCIO EDUARDO FELIX\n\n========================\nDESCREVA A SITUAÇÃO:\nTeste\n========================","protocolo":"202606150947","endereco":"AL Penedo 57200-000 SENHOR DO BONFIM - RODOVIA MARIO FREIRE LEAHY, 1650","complemento":"SENHOR DO BONFIM","id_condominio":"0","latitude":"-10.1776969","bloco":"","longitude":"-36.5897154","apartamento":"","bairro":"SENHOR DO BONFIM","referencia":"PRESTEK TELECOM","impresso":"N","data_inicio":"","data_agenda":"2026-06-29 16:36:00","data_final":"","data_fechamento":"","id_wfl_param_os":"1113","valor_outras_despesas":"","valor_total_comissao":"0.00","valor_total":"","gera_comissao":"S","idx":"","valor_unit_comissao":"0.00","id_su_diagnostico":"","id_estrutura":"","id_login":"1","data_prazo_limite":"","data_reservada":"0000-00-00","id_ticket":"776700","origem_endereco":"CC","justificativa_sla_atrasado":"","origem_endereco_estrutura":"E","data_reagendar":"","data_prev_final":"","origem_cadastro":"P","ultima_atualizacao":"2026-06-29 16:36:34"}
[2026-06-29T19:36:36.959Z] Resposta raw PUT /su_oss_chamado/1816692: {"type":"success","message":"Registro atualizado com sucesso!","id":"1816692","atualiza_campos":[{"tipo":"i","campo":"ultima_atualizacao","valor":"2026-06-29 16:36:38"}]}
[2026-06-29T19:36:36.960Z] [PASSO A] OS 1816692 atualizada com sucesso (resposta IXC). id_tecnico=59570. Resposta: {"type":"success","message":"Registro atualizado com sucesso!","id":"1816692","atualiza_campos":[{"tipo":"i","campo":"ultima_atualizacao","valor":"2026-06-29 16:36:38"}]}
[2026-06-29T19:36:36.962Z] [PASSO B] Encaminhando OS 1816692 para o técnico 59570
[2026-06-29T19:36:36.963Z] Payload POST /su_oss_chamado_mensagem (evento 4): {"id_chamado":"1816692","status":"EN","id_evento":"4","mensagem":"Encaminhado automaticamente via Intranet","id_tecnico":"59570","id_operador":"222","id_equipe":"0","finaliza_processo":"N"}
[2026-06-29T19:36:37.141Z] Resposta raw POST /su_oss_chamado_mensagem (evento 4): {"type":"error","message":"Para alterar o setor da Ordem de Servi\u00e7o utilize o bot\u00e3o respectivo [Alterar setor].","atualiza_campos":[{"tipo":"s","campo":"tipo_cobranca","valor":""}]}
[2026-06-29T19:36:37.143Z] [PASSO B] Erro do IXC ao encaminhar OS 1816692: {"type":"error","message":"Para alterar o setor da Ordem de Serviço utilize o botão respectivo [Alterar setor].","atualiza_campos":[{"tipo":"s","campo":"tipo_cobranca","valor":""}]}
[2026-06-29T19:36:37.145Z] [PASSO C] Agendando OS 1816692 para o técnico 59570
[2026-06-29T19:36:37.148Z] Payload POST /su_oss_chamado_mensagem (evento 5): {"id_chamado":"1816692","status":"AG","id_evento":"5","mensagem":"Agendado automaticamente via Intranet","id_tecnico":"59570","id_operador":"222","data_inicio":"2026-06-29 16:36:00","data_final":"2026-06-29 23:59:59","id_equipe":"0","finaliza_processo":"N"}
[2026-06-29T19:36:37.326Z] Resposta raw POST /su_oss_chamado_mensagem (evento 5): {"type":"error","message":"Para agendar a Ordem de Servi\u00e7o utilize o bot\u00e3o respectivo [Agendar].","atualiza_campos":[{"tipo":"s","campo":"tipo_cobranca","valor":""}]}
[2026-06-29T19:36:37.331Z] [PASSO C] Erro do IXC ao agendar OS 1816692: {"type":"error","message":"Para agendar a Ordem de Serviço utilize o botão respectivo [Agendar].","atualiza_campos":[{"tipo":"s","campo":"tipo_cobranca","valor":""}]}
[2026-06-29T19:36:37.333Z] IMPORTANTE: o usuário/token da API não tem permissão para agendar OS via webservice. Verifique permissões no IXC.
[2026-06-29T19:36:37.333Z] FIM. Retornando protocolo 202606150947
[2026-06-29T19:42:33.652Z] == INICIANDO ABERTURA TICK: Tecnico 59841 ==
[2026-06-29T19:42:34.868Z] Criado Ticket: {"type":"success","message":"Registro inserido com sucesso!","id":"776701","atualiza_campos":[{"tipo":"i","campo":"id_cliente","valor":"681"},{"tipo":"i","campo":"status","valor":"T"},{"tipo":"s","campo":"su_status","valor":"EP"},{"tipo":"i","campo":"protocolo","valor":""},{"tipo":"i","campo":"token","valor":"961a8cac4ad15b97098c55550b129b44173cda9a"},{"tipo":"i","campo":"id_filial","valor":"1"},{"tipo":"i","campo":"interacao_pendente","valor":"I"},{"tipo":"i","campo":"id_evento_status_processo","valor":""},{"tipo":"i","campo":"ultima_atualizacao","valor":"2026-06-29 16:42:35"}]}
[2026-06-29T19:42:34.937Z] [PASSO 1] Tentando criar OS manual agendada para ticket 776701
[2026-06-29T19:42:35.002Z] [OS MANUAL] Payload POST /su_oss_chamado: {"id_cliente":"681","id_login":"1","id_contrato":"18426","id_filial":"1","id_assunto":"1154","id_ticket":"776701","id_ticket_setor":"16","setor":"54","id_cidade":"1721","id_tecnico":"59841","prioridade":"N","origem_endereco":"CC","endereco":"AL Penedo 57200-000 SENHOR DO BONFIM - RODOVIA MARIO FREIRE LEAHY, 1650","numero":"1650","bairro":"SENHOR DO BONFIM","cidade":"1721","cep":"57200-000","latitude":"-10.277295","longitude":"-36.5581617","status":"AG","data_agenda":"2026-06-29 16:42:00","data_agenda_final":"2026-06-29 23:59:59","mensagem":"Solicitante: Teste Intranet Dev\n\n========================\nDESCREVA A SITUAÇÃO:\nTeste fluxo final - deletar workflow e criar manual\n========================"}
[2026-06-29T19:42:35.571Z] [OS MANUAL] Resposta raw: {"type":"error","message":"Esse ticket j\u00e1 possui uma O.S. vinculada [ID: 776701], para criar mais que uma OS por atendimento, utilize PROCESSO!","atualiza_campos":[{"tipo":"i","campo":"data_agenda_final","valor":"29\/06\/2026 23:59:59"},{"tipo":"s","campo":"status_assinatura","valor":""},{"tipo":"i","campo":"habilita_assinatura_cliente","valor":"N"},{"tipo":"s","campo":"status","valor":"AG"},{"tipo":"r","campo":"origem_os_aberta","valor":""},{"tipo":"i","campo":"ultima_atualizacao","valor":""}]}
[2026-06-29T19:42:35.583Z] [PASSO 1] Falha ao criar OS manual: Esse ticket já possui uma O.S. vinculada [ID: 776701], para criar mais que uma OS por atendimento, utilize PROCESSO!
[2026-06-29T19:42:35.662Z] [PASSO 2] Buscando OS gerada pelo workflow para ticket 776701
[2026-06-29T19:42:38.743Z] buscando ticket 776701...
[2026-06-29T19:42:38.937Z] [PASSO 2] Buscando OS vinculada ao ticket 776701 [TENTATIVA 1]
[2026-06-29T19:42:39.127Z] [PASSO 2] OS do workflow encontrada. ID: 1816694, Protocolo: 202606150950
[2026-06-29T19:42:39.129Z] [PASSO 2] Protocolo da OS do workflow armazenado: 202606150950
[2026-06-29T19:42:39.134Z] [PASSO 2] Deletando mensagens da OS 1816694
[2026-06-29T19:42:39.309Z] [DELETE MSGS] 1 mensagem(ns) encontrada(s) na OS 1816694
[2026-06-29T19:42:39.513Z] [DELETE MSG] Mensagem 4271048: {"type":"success","message":"Registro 4271048 excluido com sucesso!"}
[2026-06-29T19:42:39.516Z] [PASSO 2] Deletando OS do workflow 1816694
[2026-06-29T19:42:39.661Z] [DELETE OS] OS 1816694: {"type":"success","message":"Registro 1816694 excluido com sucesso!"}
[2026-06-29T19:42:39.663Z] [PASSO 2] OS do workflow deletada. Criando OS manual...
[2026-06-29T19:42:39.666Z] [OS MANUAL] Payload POST /su_oss_chamado: {"id_cliente":"681","id_login":"1","id_contrato":"18426","id_filial":"1","id_assunto":"1154","id_ticket":"776701","id_ticket_setor":"16","setor":"54","id_cidade":"1721","id_tecnico":"59841","prioridade":"N","origem_endereco":"CC","endereco":"AL Penedo 57200-000 SENHOR DO BONFIM - RODOVIA MARIO FREIRE LEAHY, 1650","numero":"1650","bairro":"SENHOR DO BONFIM","cidade":"1721","cep":"57200-000","latitude":"-10.277295","longitude":"-36.5581617","status":"AG","data_agenda":"2026-06-29 16:42:00","data_agenda_final":"2026-06-29 23:59:59","mensagem":"Solicitante: Teste Intranet Dev\n\n========================\nDESCREVA A SITUAÇÃO:\nTeste fluxo final - deletar workflow e criar manual\n========================"}
[2026-06-29T19:42:40.022Z] [OS MANUAL] Resposta raw: {"type":"success","message":"Registro inserido com sucesso!","id":"1816695","":"bloqueia_contrato","atualiza_campos":[{"tipo":"i","campo":"data_agenda_final","valor":"29\/06\/2026 23:59:59"},{"tipo":"s","campo":"status_assinatura","valor":""},{"tipo":"i","campo":"habilita_assinatura_cliente","valor":"N"},{"tipo":"s","campo":"status","valor":"AG"},{"tipo":"r","campo":"origem_os_aberta","valor":"M"},{"tipo":"i","campo":"ultima_atualizacao","valor":"2026-06-29 16:42:41"}]}
[2026-06-29T19:42:40.025Z] [PASSO 2] OS manual criada com sucesso apos deletar workflow. ID: 1816695
[2026-06-29T19:42:40.037Z] [FINAL] OS agendada manualmente. ID: 1816695, Tecnico: 59841, Protocolo retornado: 202606150950
[2026-06-29T19:42:40.051Z] FIM. Retornando protocolo 202606150950
[2026-06-29T19:43:18.461Z] == INICIANDO ABERTURA TICK: Tecnico 59570 ==
[2026-06-29T19:43:19.180Z] Criado Ticket: {"type":"success","message":"Registro inserido com sucesso!","id":"776702","atualiza_campos":[{"tipo":"i","campo":"id_cliente","valor":"681"},{"tipo":"i","campo":"status","valor":"T"},{"tipo":"s","campo":"su_status","valor":"EP"},{"tipo":"i","campo":"protocolo","valor":""},{"tipo":"i","campo":"token","valor":"5d313c9d9fb48ef1e218d02097dc4c5bd91901be"},{"tipo":"i","campo":"id_filial","valor":"1"},{"tipo":"i","campo":"interacao_pendente","valor":"I"},{"tipo":"i","campo":"id_evento_status_processo","valor":""},{"tipo":"i","campo":"ultima_atualizacao","valor":"2026-06-29 16:43:20"}]}
[2026-06-29T19:43:19.191Z] [PASSO 1] Tentando criar OS manual agendada para ticket 776702
[2026-06-29T19:43:19.202Z] [OS MANUAL] Payload POST /su_oss_chamado: {"id_cliente":"681","id_login":"1","id_contrato":"18426","id_filial":"1","id_assunto":"1154","id_ticket":"776702","id_ticket_setor":"16","setor":"54","id_cidade":"1721","id_tecnico":"59570","prioridade":"N","origem_endereco":"CC","endereco":"AL Penedo 57200-000 SENHOR DO BONFIM - RODOVIA MARIO FREIRE LEAHY, 1650","numero":"1650","bairro":"SENHOR DO BONFIM","cidade":"1721","cep":"57200-000","latitude":"-10.277295","longitude":"-36.5581617","status":"AG","data_agenda":"2026-06-29 16:43:00","data_agenda_final":"2026-06-29 23:59:59","mensagem":"Solicitante: Teste Intranet Dev\n\n========================\nDESCREVA A SITUAÇÃO:\nTeste fluxo final - tecnico MARCIO\n========================"}
[2026-06-29T19:43:19.534Z] [OS MANUAL] Resposta raw: {"type":"error","message":"Esse ticket j\u00e1 possui uma O.S. vinculada [ID: 776702], para criar mais que uma OS por atendimento, utilize PROCESSO!","atualiza_campos":[{"tipo":"i","campo":"data_agenda_final","valor":"29\/06\/2026 23:59:59"},{"tipo":"s","campo":"status_assinatura","valor":""},{"tipo":"i","campo":"habilita_assinatura_cliente","valor":"N"},{"tipo":"s","campo":"status","valor":"AG"},{"tipo":"r","campo":"origem_os_aberta","valor":""},{"tipo":"i","campo":"ultima_atualizacao","valor":""}]}
[2026-06-29T19:43:19.547Z] [PASSO 1] Falha ao criar OS manual: Esse ticket já possui uma O.S. vinculada [ID: 776702], para criar mais que uma OS por atendimento, utilize PROCESSO!
[2026-06-29T19:43:19.571Z] [PASSO 2] Buscando OS gerada pelo workflow para ticket 776702
[2026-06-29T19:43:22.614Z] buscando ticket 776702...
[2026-06-29T19:43:22.831Z] [PASSO 2] Buscando OS vinculada ao ticket 776702 [TENTATIVA 1]
[2026-06-29T19:43:23.083Z] [PASSO 2] OS do workflow encontrada. ID: 1816696, Protocolo: 202606150951
[2026-06-29T19:43:23.085Z] [PASSO 2] Protocolo da OS do workflow armazenado: 202606150951
[2026-06-29T19:43:23.099Z] [PASSO 2] Deletando mensagens da OS 1816696
[2026-06-29T19:43:23.301Z] [DELETE MSGS] 1 mensagem(ns) encontrada(s) na OS 1816696
[2026-06-29T19:43:23.815Z] [DELETE MSG] Mensagem 4271051: {"type":"success","message":"Registro 4271051 excluido com sucesso!"}
[2026-06-29T19:43:23.819Z] [PASSO 2] Deletando OS do workflow 1816696
[2026-06-29T19:43:24.103Z] [DELETE OS] OS 1816696: {"type":"success","message":"Registro 1816696 excluido com sucesso!"}
[2026-06-29T19:43:24.108Z] [PASSO 2] OS do workflow deletada. Criando OS manual...
[2026-06-29T19:43:24.155Z] [OS MANUAL] Payload POST /su_oss_chamado: {"id_cliente":"681","id_login":"1","id_contrato":"18426","id_filial":"1","id_assunto":"1154","id_ticket":"776702","id_ticket_setor":"16","setor":"54","id_cidade":"1721","id_tecnico":"59570","prioridade":"N","origem_endereco":"CC","endereco":"AL Penedo 57200-000 SENHOR DO BONFIM - RODOVIA MARIO FREIRE LEAHY, 1650","numero":"1650","bairro":"SENHOR DO BONFIM","cidade":"1721","cep":"57200-000","latitude":"-10.277295","longitude":"-36.5581617","status":"AG","data_agenda":"2026-06-29 16:43:00","data_agenda_final":"2026-06-29 23:59:59","mensagem":"Solicitante: Teste Intranet Dev\n\n========================\nDESCREVA A SITUAÇÃO:\nTeste fluxo final - tecnico MARCIO\n========================"}
[2026-06-29T19:43:24.955Z] [OS MANUAL] Resposta raw: {"type":"success","message":"Registro inserido com sucesso!","id":"1816697","":"bloqueia_contrato","atualiza_campos":[{"tipo":"i","campo":"data_agenda_final","valor":"29\/06\/2026 23:59:59"},{"tipo":"s","campo":"status_assinatura","valor":""},{"tipo":"i","campo":"habilita_assinatura_cliente","valor":"N"},{"tipo":"s","campo":"status","valor":"AG"},{"tipo":"r","campo":"origem_os_aberta","valor":"M"},{"tipo":"i","campo":"ultima_atualizacao","valor":"2026-06-29 16:43:25"}]}
[2026-06-29T19:43:24.960Z] [PASSO 2] OS manual criada com sucesso apos deletar workflow. ID: 1816697
[2026-06-29T19:43:24.978Z] [FINAL] OS agendada manualmente. ID: 1816697, Tecnico: 59570, Protocolo retornado: 202606150951
[2026-06-29T19:43:25.014Z] FIM. Retornando protocolo 202606150951
[2026-06-29T20:06:14.427Z] == INICIANDO ABERTURA TICK: Tecnico 59841 ==
[2026-06-29T20:06:14.887Z] Criado Ticket: {"type":"success","message":"Registro inserido com sucesso!","id":"776707","atualiza_campos":[{"tipo":"i","campo":"id_cliente","valor":"681"},{"tipo":"i","campo":"status","valor":"T"},{"tipo":"s","campo":"su_status","valor":"EP"},{"tipo":"i","campo":"protocolo","valor":""},{"tipo":"i","campo":"token","valor":"e0bf6371b7384f4afc843669e8d8d76f3578ba12"},{"tipo":"i","campo":"id_filial","valor":"1"},{"tipo":"i","campo":"interacao_pendente","valor":"I"},{"tipo":"i","campo":"id_evento_status_processo","valor":""},{"tipo":"i","campo":"ultima_atualizacao","valor":"2026-06-29 17:06:16"}]}
[2026-06-29T20:06:14.891Z] [PASSO 1] Tentando criar OS manual agendada para ticket 776707
[2026-06-29T20:06:14.899Z] [OS MANUAL] Payload POST /su_oss_chamado: {"id_cliente":"681","id_login":"1","id_contrato":"18426","id_filial":"1","id_assunto":"1154","id_ticket":"776707","id_ticket_setor":"16","setor":"54","id_cidade":"1721","id_tecnico":"59841","prioridade":"N","origem_endereco":"CC","endereco":"AL Penedo 57200-000 SENHOR DO BONFIM - RODOVIA MARIO FREIRE LEAHY, 1650","numero":"1650","bairro":"SENHOR DO BONFIM","cidade":"1721","cep":"57200-000","latitude":"-10.277295","longitude":"-36.5581617","status":"AG","data_agenda":"2026-06-29 17:06:00","data_agenda_final":"2026-06-29 23:59:59","mensagem":"Solicitante: MARCIO EDUARDO FELIX\n\n========================\nDESCREVA A SITUAÇÃO:\nTeste fsdfa\n========================"}
[2026-06-29T20:06:15.187Z] [OS MANUAL] Resposta raw: {"type":"error","message":"Esse ticket j\u00e1 possui uma O.S. vinculada [ID: 776707], para criar mais que uma OS por atendimento, utilize PROCESSO!","atualiza_campos":[{"tipo":"i","campo":"data_agenda_final","valor":"29\/06\/2026 23:59:59"},{"tipo":"s","campo":"status_assinatura","valor":""},{"tipo":"i","campo":"habilita_assinatura_cliente","valor":"N"},{"tipo":"s","campo":"status","valor":"AG"},{"tipo":"r","campo":"origem_os_aberta","valor":""},{"tipo":"i","campo":"ultima_atualizacao","valor":""}]}
[2026-06-29T20:06:15.188Z] [PASSO 1] Falha ao criar OS manual: Esse ticket já possui uma O.S. vinculada [ID: 776707], para criar mais que uma OS por atendimento, utilize PROCESSO!
[2026-06-29T20:06:15.189Z] [PASSO 2] Buscando OS gerada pelo workflow para ticket 776707
[2026-06-29T20:06:18.197Z] buscando ticket 776707...
[2026-06-29T20:06:18.360Z] [PASSO 2] Buscando OS vinculada ao ticket 776707 [TENTATIVA 1]
[2026-06-29T20:06:18.510Z] [PASSO 2] OS do workflow encontrada. ID: 1816709, Protocolo: 202606150966
[2026-06-29T20:06:18.511Z] [PASSO 2] Protocolo da OS do workflow armazenado: 202606150966
[2026-06-29T20:06:18.512Z] [PASSO 2] Deletando mensagens da OS 1816709
[2026-06-29T20:06:18.678Z] [DELETE MSGS] 1 mensagem(ns) encontrada(s) na OS 1816709
[2026-06-29T20:06:18.848Z] [DELETE MSG] Mensagem 4271074: {"type":"success","message":"Registro 4271074 excluido com sucesso!"}
[2026-06-29T20:06:18.849Z] [PASSO 2] Deletando OS do workflow 1816709
[2026-06-29T20:06:19.038Z] [DELETE OS] OS 1816709: {"type":"success","message":"Registro 1816709 excluido com sucesso!"}
[2026-06-29T20:06:19.039Z] [PASSO 2] OS do workflow deletada. Criando OS manual...
[2026-06-29T20:06:19.041Z] [OS MANUAL] Payload POST /su_oss_chamado: {"id_cliente":"681","id_login":"1","id_contrato":"18426","id_filial":"1","id_assunto":"1154","id_ticket":"776707","id_ticket_setor":"16","setor":"54","id_cidade":"1721","id_tecnico":"59841","prioridade":"N","origem_endereco":"CC","endereco":"AL Penedo 57200-000 SENHOR DO BONFIM - RODOVIA MARIO FREIRE LEAHY, 1650","numero":"1650","bairro":"SENHOR DO BONFIM","cidade":"1721","cep":"57200-000","latitude":"-10.277295","longitude":"-36.5581617","status":"AG","data_agenda":"2026-06-29 17:06:00","data_agenda_final":"2026-06-29 23:59:59","mensagem":"Solicitante: MARCIO EDUARDO FELIX\n\n========================\nDESCREVA A SITUAÇÃO:\nTeste fsdfa\n========================"}
[2026-06-29T20:06:19.197Z] [OS MANUAL] Resposta raw: {"type":"success","message":"Registro inserido com sucesso!","id":"1816710","":"bloqueia_contrato","atualiza_campos":[{"tipo":"i","campo":"data_agenda_final","valor":"29\/06\/2026 23:59:59"},{"tipo":"s","campo":"status_assinatura","valor":""},{"tipo":"i","campo":"habilita_assinatura_cliente","valor":"N"},{"tipo":"s","campo":"status","valor":"AG"},{"tipo":"r","campo":"origem_os_aberta","valor":"M"},{"tipo":"i","campo":"ultima_atualizacao","valor":"2026-06-29 17:06:20"}]}
[2026-06-29T20:06:19.199Z] [PASSO 2] OS manual criada com sucesso apos deletar workflow. ID: 1816710
[2026-06-29T20:06:19.200Z] [FINAL] OS agendada manualmente. ID: 1816710, Tecnico: 59841, Protocolo retornado: 202606150966
[2026-06-29T20:06:19.200Z] FIM. Retornando protocolo 202606150966
